[2026-06-16T03:42:12.210Z] GET https://app.vyasaa.com/ → 200 (309ms, 1152B)
[2026-06-16T03:42:12.530Z] GET https://app.vyasaa.com/assets/index-CFvGedRj.js → pending (?ms, ?B)
[2026-06-16T03:42:12.530Z] GET https://app.vyasaa.com/assets/react-B8IZ02wI.js → 200 (97ms, 3596B)
[2026-06-16T03:42:12.530Z] GET https://app.vyasaa.com/assets/api-tUxFjfjj.js → 200 (100ms, 1007B)
[2026-06-16T03:42:12.530Z] GET https://app.vyasaa.com/assets/index-C2M9F_4c.css → pending (?ms, ?B)
[2026-06-16T03:42:12.928Z] GET https://vyasa-os-backend.onrender.com/health → 200 (501ms, 623B)
[2026-06-16T03:42:12.944Z] GET https://accounts.google.com/gsi/client → 200 (478ms, 98654B)
[2026-06-16T03:42:12.946Z] GET https://app.vyasaa.com/assets/LoginPage-BZKoUDdP.js → 200 (274ms, 6921B)
[2026-06-16T03:42:12.946Z] GET https://app.vyasaa.com/assets/clock-eS0HWYLG.js → 200 (274ms, 638B)
[2026-06-16T03:42:12.946Z] GET https://app.vyasaa.com/assets/eye-D7T9UXLA.js → 200 (272ms, 853B)
[2026-06-16T03:42:13.222Z] GET https://app.vyasaa.com/logo.svg → 200 (83ms, 2228B)
[2026-06-16T03:42:13.228Z] GET https://fonts.googleapis.com/css2?family=Figtree:wght@400;500;600;700;800;900&display=swap → 200 (324ms, 926B)
[2026-06-16T03:42:13.567Z] GET https://fonts.gstatic.com/s/figtree/v9/_Xms-HUzqDCFdgfMm4S9DaRvzig.woff2 → pending (?ms, ?B)
[2026-06-16T03:42:13.567Z] GET https://fonts.gstatic.com/s/figtree/v9/_Xms-HUzqDCFdgfMm4S9DaRvzig.woff2 → pending (?ms, ?B)
[2026-06-16T03:42:13.567Z] GET https://fonts.gstatic.com/s/figtree/v9/_Xms-HUzqDCFdgfMm4S9DaRvzig.woff2 → pending (?ms, ?B)
[2026-06-16T03:42:13.567Z] GET https://fonts.gstatic.com/s/figtree/v9/_Xms-HUzqDCFdgfMm4S9DaRvzig.woff2 → pending (?ms, ?B)
[2026-06-16T03:42:13.567Z] GET https://fonts.gstatic.com/s/figtree/v9/_Xms-HUzqDCFdgfMm4S9DaRvzig.woff2 → pending (?ms, ?B)
[2026-06-16T03:42:13.568Z] GET https://fonts.gstatic.com/s/figtree/v9/_Xms-HUzqDCFdgfMm4S9DaRvzig.woff2 → pending (?ms, ?B)
[2026-06-16T03:42:33.866Z] GET https://app.vyasaa.com/assets/DashboardPage-CftEGuDS.js → 200 (268ms, 7469B)
[2026-06-16T03:42:33.866Z] GET https://app.vyasaa.com/assets/building-2-jnp5FkJz.js → 200 (249ms, 703B)
[2026-06-16T03:42:33.866Z] GET https://app.vyasaa.com/assets/chevron-down-C0E0dCJm.js → 200 (232ms, 611B)
[2026-06-16T03:42:33.866Z] GET https://app.vyasaa.com/assets/chevron-right-Cs8A7u8x.js → 200 (249ms, 613B)
[2026-06-16T03:42:33.867Z] GET https://app.vyasaa.com/assets/pen-BF0qobpA.js → 200 (280ms, 677B)
[2026-06-16T03:42:33.867Z] GET https://app.vyasaa.com/assets/phone-BxM9Iapa.js → 200 (249ms, 705B)
[2026-06-16T03:42:33.867Z] GET https://app.vyasaa.com/assets/Badge-CMpsIi2x.js → 200 (266ms, 856B)
[2026-06-16T03:42:49.978Z] GET https://app.vyasaa.com/doctors → 200 (102ms, 1133B)
[2026-06-16T03:42:50.086Z] GET https://app.vyasaa.com/assets/index-CFvGedRj.js → 200 (?ms, -742B)
[2026-06-16T03:42:50.087Z] GET https://app.vyasaa.com/assets/react-B8IZ02wI.js → 200 (?ms, -750B)
[2026-06-16T03:42:50.088Z] GET https://app.vyasaa.com/assets/api-tUxFjfjj.js → 200 (?ms, -756B)
[2026-06-16T03:42:50.088Z] GET https://app.vyasaa.com/assets/index-C2M9F_4c.css → 200 (1ms, -749B)
[2026-06-16T03:42:50.091Z] GET https://vyasa-os-backend.onrender.com/health → pending (?ms, ?B)
[2026-06-16T03:42:50.100Z] GET https://app.vyasaa.com/assets/DoctorsDirectoryPage-CHIOL6yo.js → 200 (215ms, 4352B)
[2026-06-16T03:42:50.100Z] GET https://app.vyasaa.com/assets/building-2-jnp5FkJz.js → 200 (1ms, -789B)
[2026-06-16T03:42:50.101Z] GET https://app.vyasaa.com/assets/clock-eS0HWYLG.js → 200 (?ms, -795B)
[2026-06-16T03:42:50.102Z] GET https://app.vyasaa.com/assets/map-pin-BMv6WAJV.js → 200 (219ms, 704B)
[2026-06-16T03:42:50.102Z] GET https://accounts.google.com/gsi/client → 200 (?ms, -1098B)
[2026-06-16T03:42:50.403Z] GET https://vyasa-os-backend.onrender.com/public/doctors?limit=24 → pending (?ms, ?B)
[2026-06-16T03:43:42.479Z] GET https://vyasa-os-backend.onrender.com/public/doctors?limit=24&state=Kerala → pending (?ms, ?B)
