[2026-06-05T08:41:48.532Z] [debug] [vite] connecting...
[2026-06-05T08:41:48.543Z] [debug] [vite] connected.
[2026-06-05T08:41:48.591Z] [info] %cDownload the React DevTools for a better development experience: https://react.dev/link/react-devtools font-weight:bold
[2026-06-05T08:42:07.525Z] [debug] [vite] connecting...
[2026-06-05T08:42:07.527Z] [debug] [vite] connected.
[2026-06-05T08:42:07.530Z] [info] %cDownload the React DevTools for a better development experience: https://react.dev/link/react-devtools font-weight:bold
[2026-06-05T08:42:08.728Z] [debug] [vite] connecting...
[2026-06-05T08:42:08.732Z] [debug] [vite] connected.
[2026-06-05T08:42:08.734Z] [info] %cDownload the React DevTools for a better development experience: https://react.dev/link/react-devtools font-weight:bold
[2026-06-05T08:42:18.249Z] [debug] [vite] connecting...
[2026-06-05T08:42:18.251Z] [debug] [vite] connected.
[2026-06-05T08:42:18.259Z] [info] %cDownload the React DevTools for a better development experience: https://react.dev/link/react-devtools font-weight:bold
[2026-06-05T08:46:26.227Z] [debug] [vite] hot updated: /src/index.css
[2026-06-05T08:46:43.412Z] [debug] [vite] connecting...
[2026-06-05T08:46:43.460Z] [debug] [vite] connected.
[2026-06-05T08:46:43.460Z] [info] %cDownload the React DevTools for a better development experience: https://react.dev/link/react-devtools font-weight:bold
[2026-06-05T09:00:57.492Z] [log] [vite] server connection lost. Polling for restart...
[2026-06-05T09:00:58.789Z] [debug] [vite] connecting...
[2026-06-05T09:00:58.816Z] [debug] [vite] connected.
[2026-06-05T09:00:58.839Z] [info] %cDownload the React DevTools for a better development experience: https://react.dev/link/react-devtools font-weight:bold
